-- example/config.go --
// Code generated from skeletonkit. DO NOT EDIT.

package main

import (
	"fmt"
)

func init() {
	fmt.Println("initialising configuration")
}
-- example/go.mod --
// not overwritten
-- example/main.go --
// Code generated from skeletonkit. DO NOT EDIT.

package main

import (
	"fmt"
)

func main() {
	fmt.Println("testing skeletonkit. generating for appname: example.")
	fmt.Println("different delim: $$.Name$$")
}
