-- config.go --
// Code generated from skeletonkit. DO NOT EDIT.

package main

import (
	"fmt"
)

func init() {
	fmt.Println("initialising configuration")
}
-- go.mod --
module example.com/example

go 1.17

-- main.go --
// not overwritten
