-- example/config.go --
// Code generated from skeletonkit. DO NOT EDIT.

package main

import (
	"fmt"
)

func init() {
	fmt.Println("initialising configuration")
}
-- example/go.mod --
module example.com/example

go 1.23

-- example/main.go --
// not overwritten
